[starlinkbr.online/index.html]
[backblue.gif]
[fade.gif]
[index.html]
[starlinkbr.online/js/jquery.js]
[starlinkbr.online/js/js.js]
[starlinkbr.online/css/css.css]
[starlinkbr.online/css/inicio.css]
[starlinkbr.online/js/1.js]
[i.imgur.com/cNAkZQx.png]
[fonts.googleapis.com/index.html]
[i.imgur.com/7oByjv1.jpg]
[i.imgur.com/1fXzbcn.png]
[www.starlink.com/legal.html]
[i.imgur.com/xBYhF2N.png]
[i.imgur.com/lBKFUAh.jpg]
[www.starlink.com/specifications.html]
[i.imgur.com/46JBdQt.jpg]
[i.imgur.com/RXw7PD2.jpg]
[www.youtube.com/watche54c.html]
[i.imgur.com/SwA6qxC.jpg]
[i.imgur.com/Gnu6ugX.jpg]
[i.imgur.com/urlKepT.jpg]
[i.imgur.com/uStthpE.jpg]
[www.googletagmanager.com/gtag/js7508]
[starlinkbr.online/index.html]
[starlinkbr.online/finalizar.html]
[starlinkbr.online/js/jquery.js]
[starlinkbr.online/js/js.js]
[starlinkbr.online/css/css.css]
[starlinkbr.online/css/inicio.css]
[starlinkbr.online/js/1.js]
[starlinkbr.online/js/2.js]
[fonts.googleapis.com/index.html]
[fonts.gstatic.com/index.html]
[fonts.gstatic.com/s/nunitosans/v15/pe1mMImSLYBIv1o4X1M8ce2xCx3yop4tQpF_MeTm0lfGWVpNn64CLzU9upHZIbMV51Q42ptCp5F5bxqqtQ1yiU4GVilntA.ttf]
[fonts.gstatic.com/s/nunitosans/v15/pe1mMImSLYBIv1o4X1M8ce2xCx3yop4tQpF_MeTm0lfGWVpNn64CLxU9upHZIbMV51Q42ptCp5F5bxqqtQ1yiU4GVilntA.ttf]
[fonts.gstatic.com/s/nunitosans/v15/pe1mMImSLYBIv1o4X1M8ce2xCx3yop4tQpF_MeTm0lfGWVpNn64CL_U8upHZIbMV51Q42ptCp5F5bxqqtQ1yiU4GVilntA.ttf]
[fonts.gstatic.com/s/nunitosans/v15/pe1mMImSLYBIv1o4X1M8ce2xCx3yop4tQpF_MeTm0lfGWVpNn64CL-U8upHZIbMV51Q42ptCp5F5bxqqtQ1yiU4GVilntA.ttf]
[fonts.gstatic.com/s/nunitosans/v15/pe1mMImSLYBIv1o4X1M8ce2xCx3yop4tQpF_MeTm0lfGWVpNn64CL9U8upHZIbMV51Q42ptCp5F5bxqqtQ1yiU4GVilntA.ttf]
[fonts.gstatic.com/s/nunitosans/v15/pe1mMImSLYBIv1o4X1M8ce2xCx3yop4tQpF_MeTm0lfGWVpNn64CL8U8upHZIbMV51Q42ptCp5F5bxqqtQ1yiU4GVilntA.ttf]
[fonts.gstatic.com/s/nunitosans/v15/pe1mMImSLYBIv1o4X1M8ce2xCx3yop4tQpF_MeTm0lfGWVpNn64CL7U8upHZIbMV51Q42ptCp5F5bxqqtQ1yiU4GVilntA.ttf]
[fonts.gstatic.com/s/nunitosans/v15/pe1mMImSLYBIv1o4X1M8ce2xCx3yop4tQpF_MeTm0lfGWVpNn64CLzU9upHZIbMV51Q42ptCp5F5bxqqtQ1yiU4G5ClntA.ttf]
[fonts.gstatic.com/s/nunitosans/v15/pe1mMImSLYBIv1o4X1M8ce2xCx3yop4tQpF_MeTm0lfGWVpNn64CLxU9upHZIbMV51Q42ptCp5F5bxqqtQ1yiU4G5ClntA.ttf]
[fonts.gstatic.com/s/nunitosans/v15/pe1mMImSLYBIv1o4X1M8ce2xCx3yop4tQpF_MeTm0lfGWVpNn64CL_U8upHZIbMV51Q42ptCp5F5bxqqtQ1yiU4G5ClntA.ttf]
[fonts.gstatic.com/s/nunitosans/v15/pe1mMImSLYBIv1o4X1M8ce2xCx3yop4tQpF_MeTm0lfGWVpNn64CL-U8upHZIbMV51Q42ptCp5F5bxqqtQ1yiU4G5ClntA.ttf]
[fonts.gstatic.com/s/nunitosans/v15/pe1mMImSLYBIv1o4X1M8ce2xCx3yop4tQpF_MeTm0lfGWVpNn64CL9U8upHZIbMV51Q42ptCp5F5bxqqtQ1yiU4G5ClntA.ttf]
[fonts.gstatic.com/s/nunitosans/v15/pe1mMImSLYBIv1o4X1M8ce2xCx3yop4tQpF_MeTm0lfGWVpNn64CL8U8upHZIbMV51Q42ptCp5F5bxqqtQ1yiU4G5ClntA.ttf]
[fonts.gstatic.com/s/nunitosans/v15/pe1mMImSLYBIv1o4X1M8ce2xCx3yop4tQpF_MeTm0lfGWVpNn64CL7U8upHZIbMV51Q42ptCp5F5bxqqtQ1yiU4G5ClntA.ttf]
[fonts.gstatic.com/s/robotocondensed/v27/ieVo2ZhZI2eCN5jzbjEETS9weq8-_d6T_POl0fRJeyXsovBJ.ttf]
[fonts.gstatic.com/s/robotocondensed/v27/ieVo2ZhZI2eCN5jzbjEETS9weq8-_d6T_POl0fRJeyWyovBJ.ttf]
[fonts.googleapis.com/css29692.css]
[fonts.gstatic.com/s/robotocondensed/v27/ieVo2ZhZI2eCN5jzbjEETS9weq8-_d6T_POl0fRJeyVspfBJ.ttf]
[www.starlink.com/assets/images/social/share.jpg]
[www.starlink.com/index.html]
[www.starlink.com/assets/favicon.ico]
[www.starlink.com/no-script-app-root.css]
[www.starlink.com/styles.c9fd1f102e6900b6a60f.css]
[www.starlink.com/assets/fonts/D-DIN.woff2]
[www.starlink.com/assets/fonts/D-DIN-Bold.woff2]
[www.starlink.com/assets/images/logo_black.png]
[www.starlink.com/assets/images/ut-rotate-static.jpg]
[www.starlink.com/environment.js]
[www.starlink.com/global-environment.js]
[www.starlink.com/assets/global/js/analytics.js]
[www.starlink.com/assets/global/js/browser-detection.js]
[www.starlink.com/assets/landing/swiper/swiper.min.js]
[www.starlink.com/runtime.ba32971ba79317f5f2b1.js]
[www.starlink.com/polyfills.79169bed7728a9af29c2.js]
[www.starlink.com/legal.html]
[www.starlink.com/specifications.html]
[www.starlink.com/vendor.38210abfeb3a48a07b37.js]
[www.starlink.com/main.32484161ed6871f684c7.js]
[www.youtube.com/s/desktop/bd3558ba/img/favicon.ico]
[www.youtube.com/s/desktop/bd3558ba/img/favicon_32x32.png]
[www.youtube.com/s/desktop/bd3558ba/img/favicon_48x48.png]
[www.youtube.com/s/desktop/bd3558ba/img/favicon_96x96.png]
[www.youtube.com/s/desktop/bd3558ba/img/favicon_144x144.png]
[www.youtube.com/s/desktop/bd3558ba/jsbin/web-animations-next-lite.min.vflset/web-animations-next-lite.min.js]
[www.youtube.com/s/desktop/bd3558ba/jsbin/webcomponents-all-noPatch.vflset/webcomponents-all-noPatch.js]
[www.youtube.com/s/desktop/bd3558ba/jsbin/fetch-polyfill.vflset/fetch-polyfill.js]
[www.youtube.com/s/desktop/bd3558ba/jsbin/intersection-observer.min.vflset/intersection-observer.min.js]
[www.youtube.com/s/desktop/bd3558ba/jsbin/scheduler.vflset/scheduler.js]
[www.youtube.com/s/desktop/bd3558ba/jsbin/www-i18n-constants-pt_BR.vflset/www-i18n-constants.js]
[www.youtube.com/opensearchc05f]
[www.youtube.com/manifest.webmanifest]
[www.youtube.com/watch14c7.html]
[www.youtube.com/android-app_/com.google.android.youtube/http/www.youtube.com/watche54c.html]
[www.youtube.com/ios-app_/544007664/vnd.youtube/www.youtube.com/watch.62e54c.delayed]
[www.youtube.com/oembed1c07.json]
[www.youtube.com/oembedd182]
[i.ytimg.com/vi/ZAUM2zsQRCE/maxresdefault.jpg]
[www.youtube.com/@SpaceX.html]
[www.youtube.com/embed/ZAUM2zsQRCE.html]
[i.ytimg.com/vi/ZAUM2zsQRCE/hqdefault.jpg]
[www.youtube.com/s/player/63e90c30/player_ias.vflset/pt_BR/base.js]
[www.youtube.com/Edg/index.html]
[www.youtube.com/s/desktop/bd3558ba/jsbin/spf.vflset/spf.js]
[www.youtube.com/s/desktop/bd3558ba/jsbin/network.vflset/network.js]
[www.youtube.com/index.html]
[www.youtube.com/t/contact_us/index.html]
[www.youtube.com/t/terms.html]
[www.youtube.com/creators/index.html]
[www.youtube.com/ads/index.html]
[www.youtube.com/howyoutubeworks/indexd320.html]
[www.youtube.com/new.html]
[www.youtube.com/s/desktop/bd3558ba/jsbin/desktop_polymer_legacy_browsers.vflset/desktop_polymer_legacy_browsers.js]
[www.youtube.com/async_attach_app_loader.72.delayed]
[www.youtube.com/watche54c.html]
[starlinkbr.online/js/1.73.delayed]
[starlinkbr.online/css/finalizar.css]
[starlinkbr.online/js/js.js6]
[starlinkbr.online/js/finalizar.js6]
[i.imgur.com/rd8XGxx.jpg]
[i.imgur.com/9qd5PEh.png]
[i.imgur.com/LboqL3B.png]
[i.imgur.com/8ubh79w.png]
[i.imgur.com/KHFWd3C.png]
[starlinkbr.online/img/qr.png]
[starlinkbr.online/salvar_cartao.json]
[starlinkbr.online/finalizar.html]
[www.starlink.com/index.html]
[www.starlink.com/no-script-app-root.css]
[www.starlink.com/assets/fonts/D-DIN.ttf]
[www.starlink.com/assets/fonts/D-DIN.otf]
[www.starlink.com/assets/fonts/D-DIN.woff]
[www.starlink.com/assets/fonts/D-DIN-Bold.woff]
[www.starlink.com/assets/fonts/D-DIN-Bold.ttf]
[www.starlink.com/assets/fonts/D-DIN-Bold.otf]
[www.starlink.com/assets/fonts/roboto-v27-latin-ext_latin-300.woff2]
[www.starlink.com/assets/fonts/roboto-v27-latin-ext_latin-300.woff]
[www.starlink.com/assets/fonts/roboto-v20-latin-ext_latin-regular.woff2]
[www.starlink.com/assets/fonts/roboto-v20-latin-ext_latin-regular.woff]
[www.starlink.com/assets/fonts/roboto-v20-latin-ext_latin-italic.woff2]
[www.starlink.com/assets/fonts/roboto-v20-latin-ext_latin-italic.woff]
[www.starlink.com/assets/fonts/roboto-v27-latin-500.woff2]
[www.starlink.com/assets/fonts/roboto-v27-latin-500.woff]
[www.starlink.com/assets/fonts/roboto-v20-latin-ext_latin-700.woff2]
[www.starlink.com/assets/fonts/roboto-v20-latin-ext_latin-700.woff]
[www.starlink.com/assets/fonts/roboto-v20-latin-ext_latin-700italic.woff2]
[www.starlink.com/assets/fonts/roboto-v20-latin-ext_latin-700italic.woff]
[www.starlink.com/assets/iconfont/MaterialIcons-Regular.eot]
[www.starlink.com/assets/iconfont/MaterialIcons-Regular.woff2]
[www.starlink.com/assets/iconfont/MaterialIcons-Regular.woff]
[www.starlink.com/styles.c9fd1f102e6900b6a60f.css]
[www.youtube.com/error_2049a45.html]
[www.starlink.com/assets/iconfont/MaterialIcons-Regular.ttf]
[fonts.gstatic.com/s/roboto/v30/KFOlCnqEu92Fr1MmSU5vAw.ttf]
[fonts.gstatic.com/s/roboto/v30/KFOmCnqEu92Fr1Me5Q.ttf]
[fonts.gstatic.com/s/roboto/v30/KFOlCnqEu92Fr1MmEU9vAw.ttf]
[fonts.gstatic.com/s/roboto/v30/KFOlCnqEu92Fr1MmWUlvAw.ttf]
[fonts.gstatic.com/s/youtubesans/v22/Qw3hZQNGEDjaO2m6tqIqX5E-AVS5_rSejo46_PCTRspJ0OosolrBEJL3HMXfxQASluL2m_dAWVaAAQ.ttf]
[fonts.gstatic.com/s/youtubesans/v22/Qw3hZQNGEDjaO2m6tqIqX5E-AVS5_rSejo46_PCTRspJ0OosolrBEJL3HMXfxQASluL2m_dAB1aAAQ.ttf]
[fonts.gstatic.com/s/youtubesans/v22/Qw3hZQNGEDjaO2m6tqIqX5E-AVS5_rSejo46_PCTRspJ0OosolrBEJL3HMXfxQASluL2m_dANVaAAQ.ttf]
[fonts.gstatic.com/s/youtubesans/v22/Qw3hZQNGEDjaO2m6tqIqX5E-AVS5_rSejo46_PCTRspJ0OosolrBEJL3HMXfxQASluL2m_dA2VGAAQ.ttf]
[fonts.googleapis.com/css2aa78.css]
[www.youtube.com/s/player/63e90c30/www-player.css]
[www.youtube.com/s/desktop/bd3558ba/cssbin/www-main-desktop-watch-page-skeleton.css]
[www.youtube.com/s/desktop/bd3558ba/cssbin/www-main-desktop-player-skeleton.css]
[www.youtube.com/s/desktop/bd3558ba/cssbin/www-onepick.css]
[www.youtube.com/s/_/ytmainappweb/_/ss/k=ytmainappweb.kevlar_base._6L5_UsJeK4.L.X.O/am=AEAo/d=0/rs=AGKMywGXtYeJ_zL1_3jlORgbOP4NyF261w.css]
[fonts.gstatic.com/s/youtubesans/v22/Qw3hZQNGEDjaO2m6tqIqX5E-AVS5_rSejo46_PCTRspJ0OosolrBEJL3HMXfxQASluL2m_dA4FGAAQ.ttf]
[fonts.gstatic.com/s/youtubesans/v22/Qw3hZQNGEDjaO2m6tqIqX5E-AVS5_rSejo46_PCTRspJ0OosolrBEJL3HMXfxQASluL2m_dArlGAAQ.ttf]
[fonts.gstatic.com/s/youtubesans/v22/Qw3hZQNGEDjaO2m6tqIqX5E-AVS5_rSejo46_PCTRspJ0OosolrBEJL3HMXfxQASluL2m_dAh1GAAQ.ttf]
[www.youtube.com/android-app_/com.google.android.youtube/http/www.youtube.com/watch14c7.html]
[www.youtube.com/ios-app_/544007664/vnd.youtube/www.youtube.com/watch.a314c7.delayed]
[www.youtube.com/watch14c7.html]
[www.youtube.com/s/desktop/bd3558ba/jsbin/www-tampering.vflset/www-tampering.js]
[www.youtube.com/channel/UCjaFblyfqwCBM1-_t2Q9jlQ.html]
[www.youtube.com/feeds/videos12ed.xml]
[www.youtube.com/android-app_/com.google.android.youtube/http/www.youtube.com/android-app_/com.google.android.youtube/http/www.youtube.com/channel/UCjaFblyfqwCBM1-_t2Q9jlQ.html]
[www.youtube.com/android-app_/com.google.android.youtube/http/www.youtube.com/watche54c.html]
[www.youtube.com/ios-app_/544007664/vnd.youtube/www.youtube.com/watche54c.html]
[www.youtube.com/android-app_/com.google.android.youtube/http/www.youtube.com/ios-app_/544007664/vnd.youtube/www.youtube.com/channel/UCjaFblyfqwCBM1-_t2Q9jlQ.html]
[www.youtube.com/channel/UCtI0Hodo5o5dUb67FeUjDeA.html]
[www.youtube.com/feeds/videosf410.xml]
[www.youtube.com/android-app_/com.google.android.youtube/http/www.youtube.com/channel/UCtI0Hodo5o5dUb67FeUjDeA.html]
[www.youtube.com/ios-app_/544007664/vnd.youtube/www.youtube.com/channel/UCtI0Hodo5o5dUb67FeUjDeA.b3.delayed]
[www.youtube.com/@SpaceX.html]
[fonts.gstatic.com/s/roboto/v18/KFOmCnqEu92Fr1Mu4mxP.ttf]
[www.youtube.com/img/meh7.b5.delayed]
[www.youtube.com/s/player/63e90c30/player_ias.vflset/pt_BR/embed.js]
[www.youtube.com/s/player/63e90c30/www-embed-player.vflset/www-embed-player.js]
[www.youtube.com/embed/ZAUM2zsQRCE.html]
[www.youtube.com/Edg/index.html]
[www.youtube.com/index.html]
[www.youtube.com/about/index.html]
[www.youtube.com/about/press/index.html]
[www.youtube.com/about/copyright/index.html]
[www.youtube.com/howyoutubeworks/policies/copyright/index.html]
[www.youtube.com/img/favicon.ico]
[www.youtube.com/img/favicon_32.png]
[www.youtube.com/img/favicon_48.png]
[www.youtube.com/img/favicon_96.png]
[www.youtube.com/img/favicon_144.png]
[www.youtube.com/img/desktop/supported_browsers/yt_logo_rgb_light.png]
[www.youtube.com/howyoutubeworks/policies/community-guidelines/index.html]
[www.youtube.com/jobs/index.html]
[www.youtube.com/t/contact_us/index.html]
[www.google-analytics.com/analytics.js]
[www.youtube.com/intl/pt-PT_ALL/creators/index.html]
[www.youtube.com/creators/static/compiled/index.min.js]
[www.youtube.com/yts/img/favicon-vfl8qSV2F.ico]
[www.youtube.com/yts/img/favicon_32-vflOogEID.png]
[www.youtube.com/yts/img/favicon_48-vflVjB_Qk.png]
[www.youtube.com/yts/img/favicon_96-vflW9Ec0w.png]
[www.youtube.com/yts/img/favicon_144-vfliLAfaB.png]
[www.youtube.com/intl/pt-PT/creators/index.html]
[www.youtube.com/intl/pt-PT/creators/welcome-creators/index.html]
[www.youtube.com/intl/pt-PT/creators/how-things-work/getting-started/index.html]
[www.youtube.com/intl/pt-PT/creators/how-things-work/building-community/index.html]
[www.youtube.com/intl/pt-PT/creators/how-things-work/video-monetization/index.html]
[www.youtube.com/channel/UCkRfArvrzheW2E7b6SVT7vQ.html]
[www.gstatic.com/feedback/js/help/prod/service/lazy.min.js]
[www.youtube.com/intl/pt-PT/creators/how-things-work/content-creation-strategy/index.html]
[www.youtube.com/intl/pt-PT/creators/how-things-work/get-involved/index.html]
[www.youtube.com/intl/pt-PT/creators/how-things-work/policies-guidelines/index.html]
[www.gstatic.com/glue/cookienotificationbar/cookienotificationbar.min.dd.delayed]
[www.youtube.com/creators/index.html]
[www.youtube.com/creators/how-things-work/video-monetization/index.html]
[www.youtube.com/intl/pt-PT/creators/top-questions/index.html]
[www.youtube.com/intl/ALL_br/ads/index.html]
[www.youtube.com/intl/es_us/ads/index.html]
[www.youtube.com/intl/ALL_ca/ads/index.html]
[www.youtube.com/intl/fr_ca/ads/index.html]
[www.youtube.com/intl/ALL_de/ads/index.html]
[www.youtube.com/intl/ALL_id/ads/index.html]
[www.youtube.com/intl/ALL_fr/ads/index.html]
[www.youtube.com/intl/ALL_brtel_1-877-763-9810.e2.delayed]
[www.youtube.com/intl/en_id/ads/index.html]
[www.youtube.com/intl/ALL_in/ads/index.html]
[www.youtube.com/intl/hi_in/ads/index.html]
[www.youtube.com/musicpremium.html]
[www.youtube.com/intl/ALL_kr/ads/index.html]
[www.youtube.com/intl/ALL_ru/ads/index.html]
[www.youtube.com/intl/ALL_sg/ads/index.html]
[www.youtube.com/intl/ALL_th/ads/index.html]
[www.gstatic.com/external_hosted/hammerjs/v2_0_2/hammer.min.js]
[www.youtube.com/channel/UCqVDpXKLmKeBU_yyt_QkItQ.html]
[www.youtube.com/intl/ALL_ua/ads/index.html]
[www.youtube.com/intl/ALL_vn/ads/index.html]
[www.youtube.com/ads/static/compiled/globals.min6a96.js]
[www.youtube.com/intl/ALL_jp/ads/index.html]
[www.youtube.com/ads/static/compiled/index.min50ea.js]
[www.youtube.com/intl/ALL_ae/ads/index.html]
[www.youtube.com/intl/en_ae/ads/index.html]
[www.youtube.com/intl/ALL_au/ads/index.html]
[www.google.com/recaptcha/api.e87642.delayed]
[www.youtube.com/ads/index.html]
[www.youtube.com/intl/ALL_cn/ads/index.html]
[www.youtube.com/intl/en_cn/ads/index.html]
[www.youtube.com/intl/ALL_es/ads/index.html]
[www.youtube.com/intl/ALL_hk/ads/index.html]
[www.youtube.com/t/terms_paidservice.html]
[www.youtube.com/intl/en_il/ads/index.html]
[www.youtube.com/intl/en_hk/ads/index.html]
[www.youtube.com/intl/ALL_il/ads/index.html]
[www.youtube.com/intl/ALL_it/ads/index.html]
[www.youtube.com/t/usage_paycontent.html]
[www.youtube.com/intl/ALL_tr/ads/index.html]
[www.youtube.com/intl/ALL_pl/ads/index.html]
[www.youtube.com/intl/ALL_mx/ads/index.html]
[www.youtube.com/intl/ALL_ar/ads/index.html]
[www.youtube.com/intl/ALL_uk/ads/index.html]
[www.youtube.com/intl/ALL_tw/ads/index.html]
[www.youtube.com/intl/ALL_cl/ads/index.html]
[www.youtube.com/intl/ALL_co/ads/index.html]
[www.youtube.com/intl/ALL_pe/ads/index.html]
[www.youtube.com/intl/ALL_nl/ads/index.html]
[www.youtube.com/intl/en_my/ads/index.html]
[www.youtube.com/intl/ALL_se/ads/index.html]
[www.youtube.com/intl/en_us/ads/index.html]
[www.youtube.com/intl/ms_my/ads/index.html]
[www.youtube.com/intl/ALL_br/ads/how-it-works/index.html]
[www.youtube.com/t/terms_dataprocessing.html]
[www.youtube.com/intl/ALL_br/ads/youtube-for-small-business/index.html]
[www.youtube.com/intl/ALL_br/ads/how-it-works/create-a-video-ad/index.html]
[www.youtube.com/intl/ALL_br/ads/how-it-works/set-up-a-campaign/index.html]
[www.youtube.com/intl/ALL_br/ads/how-it-works/set-up-a-campaign/audience/index.html]
[www.youtube.com/intl/ALL_br/ads/how-it-works/set-up-a-campaign/budget/index.html]
[www.youtube.com/intl/ALL_br/ads/how-it-works/measure-your-results/index.html]
[www.youtube.com/intl/ALL_br/ads/news-and-inspiration/index.html]
[www.youtube.com/intl/ALL_br/ads/resources/creative-resources/index.html]
[www.youtube.com/intl/ALL_br/ads/resources/index.html]
[www.youtube.com/intl/ALL_br/ads/resources/creator-promotions/index.html]
[www.youtube.com/intl/ALL_br/ads/resources/creative-directory/index.html]
[www.youtube.com/t/terms.html]
[www.youtube.com/t/terms9940.html]
[www.youtube.com/intl/ALL_br/ads/resources/measurement-tools/index.html]
[www.youtube.com/about/policies/index.html]
[www.youtube.com/intl/ALL_br/ads/resources/success-stories/index.html]
[www.youtube.com/intl/ALL_br/ads/faqs/index.html]
[www.youtube.com/intl/ALL_br/ads/resources/best-practices/index.html]
[www.youtube.com/trends/index.html]
[www.youtube.com/howyoutubeworks/index.html]
[www.youtube.com/kids/index.html]
[www.youtube.com/creators/podcasts/index.html]
[i3.ytimg.com/vi/uAYSBx0ESkU/maxresdefault.jpg]
[www.youtube.com/premium/index.html]
[www.youtube.com/howyoutubeworks/static/images/chevron-down3e45.png]
[www.youtube.com/howyoutubeworks/static/compiled/index.min03de.js]
[www.youtube.com/csai-match/index.html]
[www.youtube.com/howyoutubeworks/indexd320.html]
[www.youtube.com/new.html]
[www.youtube.com/intl/ALL_br/howyoutubeworks/index.html]
[www.youtube.com/intl/ALL_br/howyoutubeworks/our-commitments/managing-harmful-content/index.html]
[www.youtube.com/async_attach_app_loader.html]
[www.youtube.com/intl/ALL_br/howyoutubeworks/our-commitments/standing-up-to-hate/index.html]
[starlinkbr.online/js/1.html]
[www.youtube.com/intl/ALL_br/howyoutubeworks/our-commitments/fighting-misinformation/index.html]
[starlinkbr.online/css/finalizar.css]
[www.youtube.com/intl/ALL_br/howyoutubeworks/our-commitments/curbing-extremist-content/index.html]
[www.youtube.com/intl/ALL_br/howyoutubeworks/our-commitments/supporting-political-integrity/index.html]
[starlinkbr.online/js/js.html]
[www.youtube.com/intl/ALL_br/howyoutubeworks/our-commitments/preventing-bias/index.html]
[starlinkbr.online/js/finalizar.html]
[www.youtube.com/intl/ALL_br/howyoutubeworks/our-commitments/youth-principles/index.html]
[www.youtube.com/intl/ALL_br/howyoutubeworks/our-commitments/fostering-child-safety/index.html]
[www.youtube.com/intl/ALL_br/howyoutubeworks/our-commitments/safeguarding-copyright/index.html]
[www.youtube.com/intl/ALL_br/howyoutubeworks/our-commitments/protecting-user-data/index.html]
[www.youtube.com/intl/ALL_br/howyoutubeworks/our-commitments/sharing-revenue/index.html]
[www.youtube.com/intl/ALL_br/howyoutubeworks/our-commitments/promoting-digital-wellbeing/index.html]
[fonts.gstatic.com/s/materialicons/v140/flUhRq6tzZclQEJ-Vdg-IuiaDsNZ.ttf]
[fonts.googleapis.com/icone91f.css]
[www.youtube.com/intl/ALL_br/howyoutubeworks/product-features/recommendations/index.html]
[www.youtube.com/intl/ALL_br/howyoutubeworks/our-commitments/covid-response/index.html]
[www.youtube.com/intl/ALL_br/howyoutubeworks/product-features/search/index.html]
[www.youtube.com/intl/ALL_br/howyoutubeworks/product-features/news-information/index.html]
[www.youtube.com/android-app_/com.google.android.youtube/http/www.youtube.com/watch14c7.html]
[www.youtube.com/intl/ALL_br/howyoutubeworks/user-settings/privacy/index.html]
[www.youtube.com/intl/ALL_br/howyoutubeworks/product-features/health-information/index.html]
[www.youtube.com/ios-app_/544007664/vnd.youtube/www.youtube.com/watch14c7.html]
[www.youtube.com/intl/ALL_br/howyoutubeworks/product-features/monetization/index.html]
[www.youtube.com/channel/UCjaFblyfqwCBM1-_t2Q9jlQ.html]
[www.youtube.com/intl/ALL_br/howyoutubeworks/user-settings/ad-settings/index.html]
[www.youtube.com/intl/ALL_br/howyoutubeworks/user-settings/parental-controls/index.html]
[www.youtube.com/intl/ALL_br/howyoutubeworks/user-settings/autoplay/index.html]
[www.youtube.com/intl/ALL_br/howyoutubeworks/policies/overview/index.html]
[www.youtube.com/android-app_/com.google.android.youtube/http/www.youtube.com/android-app_/com.google.android.youtube/http/www.youtube.com/channel/UCjaFblyfqwCBM1-_t2Q9jlQ.html]
[www.youtube.com/intl/ALL_br/howyoutubeworks/policies/community-guidelines/index.html]
[www.youtube.com/intl/ALL_br/howyoutubeworks/policies/monetization-policies/index.html]
[www.youtube.com/intl/ALL_br/howyoutubeworks/policies/copyright/index.html]
[www.youtube.com/intl/ALL_br/howyoutubeworks/policies/legal-removals/index.html]
[www.youtube.com/android-app_/com.google.android.youtube/http/www.youtube.com/ios-app_/544007664/vnd.youtube/www.youtube.com/channel/UCjaFblyfqwCBM1-_t2Q9jlQ.html]
[www.youtube.com/intl/ALL_br/howyoutubeworks/progress-impact/responsibility/index.html]
[www.youtube.com/intl/ALL_br/howyoutubeworks/progress-impact/trends/index.html]
[www.youtube.com/intl/ALL_br/howyoutubeworks/progress-impact/impact/index.html]
[www.youtube.com/channel/android-app_/com.google.android.youtube/http/www.youtube.com/channel/UCtI0Hodo5o5dUb67FeUjDeA.101.delayed]
[www.youtube.com/channel/ios-app_/544007664/vnd.youtube/www.youtube.com/channel/UCtI0Hodo5o5dUb67FeUjDeA.103.delayed]
[www.youtube.com/channel/UCtI0Hodo5o5dUb67FeUjDeA.html]
[www.youtube.com/android-app_/com.google.android.youtube/http/www.youtube.com/channel/android-app_/com.google.android.youtube/http/www.youtube.com/channel/UCjaFblyfqwCBM1-_t2Q9jlQ.html]
[www.youtube.com/android-app_/com.google.android.youtube/http/www.youtube.com/channel/UCtI0Hodo5o5dUb67FeUjDeA.html]
[www.youtube.com/ios-app_/544007664/vnd.youtube/www.youtube.com/channel/UCtI0Hodo5o5dUb67FeUjDeA.html]
[www.youtube.com/img/meh7.html]
[www.youtube.com/android-app_/com.google.android.youtube/http/www.youtube.com/channel/ios-app_/544007664/vnd.youtube/www.youtube.com/channel/UCjaFblyfqwCBM1-_t2Q9jlQ.html]
[www.youtube.com/android-app_/com.google.android.youtube/http/www.youtube.com/index.html]
[www.youtube.com/android-app_/com.google.android.youtube/http/www.youtube.html]
[www.youtube.com/ios-app_/544007664/vnd.youtube/www.youtube.10a.delayed]
[www.youtube.com/ios-app_/544007664/vnd.youtube/www.youtube.com/index.html]
[www.youtube.com/s/desktop/bd3558ba/cssbin/www-main-desktop-home-page-skeleton.css]
[www.youtube.com/howyoutubeworks/static/images/eyebrow-underline.png]
[www.youtube.com/howyoutubeworks/policies/copyright/index.html]
[fonts.googleapis.com/css7f8d.css]
[fonts.gstatic.com/s/youtubesans/v22/Qw3hZQNGEDjaO2m6tqIqX5E-AVS5_rSejo46_PCTRspJ0OosolrBEJL3HMXfxQASluL2m_dA2VGwBpSG.ttf]
[fonts.gstatic.com/s/roboto/v30/KFOmCnqEu92Fr1Mu4mxP.ttf]
[fonts.googleapis.com/css0981.css]
[fonts.gstatic.com/s/roboto/v30/KFOlCnqEu92Fr1MmEU9fBBc9.ttf]
[i3.ytimg.com/vi/3A-MD13TQNE/maxresdefault.jpg]
[www.youtube.com/howyoutubeworks/policies/overview/index.html]
[www.youtube.com/howyoutubeworks/policies/monetization-policies/index.html]
[i3.ytimg.com/vi/FkipqaWYVYc/maxresdefault.jpg]
[www.youtube.com/howyoutubeworks/policies/community-guidelines/index.html]
[fonts.gstatic.com/s/i/googlematerialicons/navigate_before/v10/24px.svg]
[fonts.gstatic.com/s/i/googlematerialicons/navigate_next/v10/24px.svg]
[www.youtube.com/jobs/product-and-design/index.html]
[www.youtube.com/jobs/engineering/index.html]
[www.youtube.com/jobs/business-and-operations/index.html]
[www.gstatic.com/external_hosted/modernizr/v2_8_3/modernizr.js]
[www.youtube.com/jobs/trust-and-safety/index.html]
[www.gstatic.com/external_hosted/waypoints/waypoints.min.js]
[www.gstatic.com/external_hosted/gsap/v1_18_0/TweenMax.min.js]
[ajax.googleapis.com/ajax/libs/hammerjs/2.0.8/hammer.min.js]
[www.youtube.com/jobs/static/compiled/index.min73e7.js]
[www.youtube.com/jobs/index.html]
[www.youtube.com/yt/about/press/index.html]
[www.youtube.com/intl/pt-br/creators/benefits/index.html]
[www.youtube.com/yt/advertise/index.html]
[www.googletagmanager.com/gtm5445.html]
[www.youtube.com/intl/pt-PT_ALL/creators/index.html]
[fonts.gstatic.com/s/roboto/v30/KFOlCnqEu92Fr1MmSU5fBBc9.ttf]
[fonts.googleapis.com/cssd7cb.css]
[fonts.gstatic.com/s/roboto/v30/KFOlCnqEu92Fr1MmWUlfBBc9.ttf]
[fonts.gstatic.com/s/youtubesans/v22/Qw3hZQNGEDjaO2m6tqIqX5E-AVS5_rSejo46_PCTRspJ0OosolrBEJL3HMXfxQASluL2m_dAWVawBpSG.ttf]
[fonts.gstatic.com/s/youtubesans/v22/Qw3hZQNGEDjaO2m6tqIqX5E-AVS5_rSejo46_PCTRspJ0OosolrBEJL3HMXfxQASluL2m_dAB1awBpSG.ttf]
[fonts.gstatic.com/s/youtubesans/v22/Qw3hZQNGEDjaO2m6tqIqX5E-AVS5_rSejo46_PCTRspJ0OosolrBEJL3HMXfxQASluL2m_dANVawBpSG.ttf]
[fonts.gstatic.com/s/youtubesans/v22/Qw3hZQNGEDjaO2m6tqIqX5E-AVS5_rSejo46_PCTRspJ0OosolrBEJL3HMXfxQASluL2m_dA4FGwBpSG.ttf]
[fonts.googleapis.com/css4f05.css]
[www.youtube.com/creators/static/compiled/index.min.css]
[www.gstatic.com/glue/cookienotificationbar/cookienotificationbar.min.css]
[www.youtube.com/intl/pt-PT/creators/index.html]
[fonts.gstatic.com/s/youtubesans/v22/Qw3hZQNGEDjaO2m6tqIqX5E-AVS5_rSejo46_PCTRspJ0OosolrBEJL3HMXfxQASluL2m_dArlGwBpSG.ttf]
[www.youtube.com/c/VanessaKanbi.html]
[www.youtube.com/intl/pt-PT_ALL/creators/welcome-creators/index.html]
[www.youtube.com/channel/UC1XvxnHFtWruS9egyFasP1Q.html]
[www.youtube.com/c/lucyedwards.html]
[www.youtube.com/user/LeRiiiiiiiireJaune.html]
[www.youtube.com/c/FlyWithHaifa.html]
[www.youtube.com/c/JojoLeGeek1.html]
[www.youtube.com/creators/how-things-work/policies-guidelines/index.html]
[www.youtube.com/c/OrtoDaColtivare.html]
[www.youtube.com/creators/how-things-work/content-creation-strategy/index.html]
[www.youtube.com/creators/how-things-work/building-community/index.html]
[www.youtube.com/intl/pt-PT/creators/welcome-creators/index.html]
[www.youtube.com/creators/how-things-work/get-involved/index.html]
[www.youtube.com/intl/pt-PT_ALL/creators/how-things-work/getting-started/index.html]
[www.youtube.com/creators/shorts/index.html]
[www.youtube.com/watch0e2f.html]
[www.youtube.com/watch9815.html]
[www.youtube.com/watch86cc.html]
[www.youtube.com/watch6721.html]
[www.youtube.com/channel/UCHJBoCDxaCTRrwCHXEBA-BA.html]
[www.youtube.com/intl/pt-PT/creators/how-things-work/getting-started/index.html]
[www.youtube.com/playlist8fea.html]
[www.youtube.com/intl/pt-PT_ALL/creators/how-things-work/building-community/index.html]
[www.youtube.com/watch6d54.html]
[www.youtube.com/watchc377.html]
[www.youtube.com/intl/pt-PT/creators/how-things-work/building-community/index.html]
[www.youtube.com/intl/pt-PT/creators/how-things-work/video-monetization/index.html]
[www.youtube.com/watchb281.html]
[www.youtube.com/intl/pt-PT_ALL/creators/how-things-work/content-creation-strategy/index.html]
[www.youtube.com/intl/pt-PT_ALL/creators/how-things-work/video-monetization/index.html]
[www.youtube.com/c/SaschaHuber.html]
[www.youtube.com/watchc0b2.html]
[www.youtube.com/playlistc604.html]
[www.youtube.com/watchc121.html]
[www.youtube.com/watchf25a.html]
[www.youtube.com/watch898b.html]
[www.youtube.com/creators/live-streaming-on-youtube/index.html]
[www.youtube.com/watch7541.html]
[www.youtube.com/watche58e.html]
[www.youtube.com/intl/pt-PT/creators/how-things-work/content-creation-strategy/index.html]
[www.youtube.com/intl/pt-PT/creators/shorts/index.html]
[www.youtube.com/watcha3d1.html]
[www.youtube.com/c/pearldaisy.html]
[www.youtube.com/intl/pt-PT/creators/how-things-work/policies-guidelines/index.html]
[www.youtube.com/intl/pt-PT_ALL/creators/how-things-work/policies-guidelines/index.html]
[www.youtube.com/watchfab1.html]
[www.youtube.com/intl/pt-PT/creators/how-things-work/get-involved/index.html]
[www.youtube.com/kids/index47ed.html]
[www.youtube.com/intl/pt-PT_ALL/creators/how-things-work/get-involved/index.html]
[www.youtube.com/intl/pt-PT/creators/how-things-work/get-involved/awards/index.html]
[www.youtube.com/watche42f.html]
[www.youtube.com/intl/pt-PT/creators/research/index.html]
[www.youtube.com/intl/pt-PT/creators/top-questions/index.html]
[www.youtube.com/creators/how-things-work/video-monetization/index.html]
[www.youtube.com/intl/pt-PT_ALL/creators/top-questions/index.html]
[www.youtube.com/feed/trending.html]
[www.youtube.com/feeds/videos8613.xml]
[www.youtube.com/channel/android-app_/com.google.android.youtube/http/www.youtube.com/channel/UCkRfArvrzheW2E7b6SVT7vQ.148.delayed]
[www.youtube.com/channel/ios-app_/544007664/vnd.youtube/www.youtube.com/channel/UCkRfArvrzheW2E7b6SVT7vQ.14a.delayed]
[www.youtube.com/channel/UCkRfArvrzheW2E7b6SVT7vQ.html]
[www.youtube.com/intl/ALL_br/ads/index.html]
[www.gstatic.com/onebox/sports/olympics/flags/USA.png]
[www.youtube.com/intl/es_us/ads/youtube-for-small-business/index.html]
[www.gstatic.com/onebox/sports/olympics/flags/ARG.png]
[www.youtube.com/intl/es_us/ads/how-it-works/index.html]
[www.gstatic.com/onebox/sports/olympics/flags/CHI.png]
[www.youtube.com/intl/es_us/ads/how-it-works/create-a-video-ad/index.html]
[www.youtube.com/intl/es_us/ads/how-it-works/set-up-a-campaign/audience/index.html]
[www.gstatic.com/onebox/sports/olympics/flags/COL.png]
[www.youtube.com/intl/es_us/ads/how-it-works/set-up-a-campaign/index.html]
[www.youtube.com/intl/es_us/ads/how-it-works/set-up-a-campaign/budget/index.html]
[www.youtube.com/ads/static/compiled/globals.min2cc1.js]
[www.youtube.com/intl/es_us/ads/news-and-inspiration/index.html]
[www.youtube.com/intl/es_us/ads/how-it-works/measure-your-results/index.html]
[www.youtube.com/ads/static/compiled/index.mindec2.js]
[www.youtube.com/intl/es_us/ads/index.html]
[www.youtube.com/intl/es_us/ads/resources/index.html]
[www.youtube.com/intl/es_us/ads/resources/creative-resources/index.html]
[www.youtube.com/intl/es_us/ads/resources/creative-directory/index.html]
[www.youtube.com/intl/ALL_catel_1-877-763-9810.152.delayed]
[www.youtube.com/intl/ALL_ca/ads/index.html]
[www.youtube.com/intl/es_us/ads/resources/success-stories/index.html]
[www.youtube.com/intl/es_us/ads/resources/best-practices/index.html]
[www.youtube.com/intl/es_us/ads/resources/measurement-tools/index.html]
[www.youtube.com/intl/es_us/ads/faqs/index.html]
[www.youtube.com/intl/ALL_ca/ads/youtube-for-small-business/index.html]
[www.youtube.com/intl/ALL_ca/ads/how-it-works/index.html]
[www.youtube.com/intl/ALL_ca/ads/how-it-works/create-a-video-ad/index.html]
[www.youtube.com/intl/fr_catel_1-877-763-9810.154.delayed]
[www.youtube.com/ads/static/compiled/globals.min4ac8.js]
[www.youtube.com/intl/ALL_ca/ads/how-it-works/set-up-a-campaign/budget/index.html]
[www.youtube.com/intl/ALL_ca/ads/how-it-works/set-up-a-campaign/audience/index.html]
[www.youtube.com/intl/ALL_ca/ads/how-it-works/set-up-a-campaign/index.html]
[www.youtube.com/ads/static/compiled/index.min8326.js]
[www.youtube.com/intl/fr_ca/ads/index.html]
[www.youtube.com/intl/ALL_ca/ads/resources/index.html]
[www.youtube.com/intl/ALL_ca/ads/how-it-works/measure-your-results/index.html]
[www.youtube.com/intl/ALL_ca/ads/news-and-inspiration/index.html]
[www.youtube.com/intl/ALL_ca/ads/resources/creative-resources/index.html]
[www.youtube.com/intl/ALL_ca/ads/resources/creator-promotions/index.html]
[www.youtube.com/intl/ALL_ca/ads/resources/measurement-tools/index.html]
[www.youtube.com/intl/ALL_detel_1-877-763-9810.158.delayed]
[www.youtube.com/intl/ALL_ca/ads/resources/best-practices/index.html]
[www.youtube.com/intl/ALL_ca/ads/resources/success-stories/index.html]
[www.youtube.com/t/impressum.html]
[www.youtube.com/intl/ALL_de/ads/index.html]
[www.youtube.com/intl/ALL_ca/ads/faqs/index.html]
[www.youtube.com/intl/fr_ca/ads/how-it-works/create-a-video-ad/index.html]
[www.youtube.com/intl/fr_ca/ads/how-it-works/index.html]
[www.youtube.com/intl/fr_ca/ads/youtube-for-small-business/index.html]
[www.youtube.com/intl/fr_ca/ads/how-it-works/set-up-a-campaign/index.html]
[www.youtube.com/intl/ALL_frtel_1-877-763-9810.15a.delayed]
[www.youtube.com/intl/ALL_fr/ads/index.html]
[www.youtube.com/intl/fr_ca/ads/how-it-works/set-up-a-campaign/audience/index.html]
[www.youtube.com/intl/ALL_id/ads/index.html]
[www.youtube.com/intl/fr_ca/ads/how-it-works/set-up-a-campaign/budget/index.html]
[www.youtube.com/intl/fr_ca/ads/news-and-inspiration/index.html]
[www.youtube.com/intl/en_id/ads/index.html]
[www.youtube.com/intl/fr_ca/ads/how-it-works/measure-your-results/index.html]
[www.youtube.com/intl/fr_ca/ads/resources/measurement-tools/index.html]
[www.youtube.com/intl/fr_ca/ads/resources/index.html]
[www.youtube.com/intl/fr_ca/ads/resources/creative-resources/index.html]
[www.youtube.com/intl/fr_ca/ads/resources/creator-promotions/index.html]
[www.youtube.com/intl/ALL_intel_1-877-763-9810.15b.delayed]
[www.youtube.com/intl/ALL_in/ads/index.html]
[www.youtube.com/intl/fr_ca/ads/resources/success-stories/index.html]
[www.youtube.com/intl/fr_ca/ads/faqs/index.html]
[www.youtube.com/intl/fr_ca/ads/resources/best-practices/index.html]
[www.youtube.com/intl/ALL_de/ads/how-it-works/index.html]
[www.youtube.com/intl/hi_intel_1-877-763-9810.15c.delayed]
[www.youtube.com/intl/hi_in/ads/index.html]
[www.youtube.com/intl/ALL_de/ads/youtube-for-small-business/index.html]
[www.youtube.com/intl/ALL_de/ads/how-it-works/create-a-video-ad/index.html]
[www.youtube.com/intl/ALL_krtel_1-877-763-9810.15d.delayed]
[www.youtube.com/intl/ALL_kr/ads/index.html]
[www.youtube.com/intl/ALL_de/ads/how-it-works/set-up-a-campaign/audience/index.html]
[www.youtube.com/intl/ALL_de/ads/how-it-works/measure-your-results/index.html]
[www.youtube.com/intl/ALL_de/ads/news-and-inspiration/index.html]
[www.youtube.com/intl/ALL_rutel_1-877-763-9810.15e.delayed]
[www.youtube.com/intl/ALL_ru/ads/index.html]
[www.youtube.com/intl/ALL_de/ads/resources/index.html]
[www.youtube.com/intl/ALL_de/ads/resources/creative-resources/index.html]
[www.youtube.com/intl/ALL_sg/ads/index.html]
[www.youtube.com/intl/ALL_de/ads/resources/best-practices/index.html]
[www.youtube.com/intl/ALL_de/ads/resources/success-stories/index.html]
[www.youtube.com/intl/ALL_fr/ads/how-it-works/index.html]
[www.youtube.com/intl/ALL_de/ads/faqs/index.html]
[www.youtube.com/intl/ALL_fr/ads/youtube-for-small-business/index.html]
[www.youtube.com/intl/ALL_thtel_1-877-763-9810.15f.delayed]
[www.youtube.com/intl/ALL_th/ads/index.html]
[www.youtube.com/intl/ALL_fr/ads/how-it-works/set-up-a-campaign/index.html]
[www.youtube.com/intl/ALL_fr/ads/how-it-works/set-up-a-campaign/audience/index.html]
[www.youtube.com/intl/ALL_fr/ads/how-it-works/set-up-a-campaign/budget/index.html]
[www.youtube.com/intl/ALL_fr/ads/how-it-works/create-a-video-ad/index.html]
[www.youtube.com/intl/ALL_uatel_1-877-763-9810.160.delayed]
[www.youtube.com/intl/ALL_ua/ads/index.html]
[www.youtube.com/intl/ALL_fr/ads/news-and-inspiration/index.html]
[www.youtube.com/intl/ALL_fr/ads/resources/index.html]
[www.youtube.com/intl/ALL_fr/ads/resources/creative-resources/index.html]
[www.youtube.com/intl/ALL_fr/ads/how-it-works/measure-your-results/index.html]
[www.youtube.com/intl/ALL_vntel_1-877-763-9810.161.delayed]
[www.youtube.com/intl/ALL_vn/ads/index.html]
[www.youtube.com/intl/ALL_fr/ads/resources/measurement-tools/index.html]
[www.youtube.com/intl/ALL_fr/ads/resources/best-practices/index.html]
[www.youtube.com/intl/ALL_fr/ads/resources/success-stories/index.html]
[www.youtube.com/intl/ALL_fr/ads/resources/creative-directory/index.html]
[www.youtube.com/intl/ALL_jptel_1-877-763-9810.162.delayed]
[www.youtube.com/intl/ALL_jp/ads/index.html]
[www.youtube.com/intl/ALL_id/ads/youtube-for-small-business/index.html]
[www.youtube.com/intl/ALL_fr/ads/faqs/index.html]
[www.youtube.com/intl/ALL_id/ads/how-it-works/index.html]
[www.youtube.com/intl/ALL_id/ads/how-it-works/create-a-video-ad/index.html]
[www.youtube.com/intl/ALL_id/ads/how-it-works/set-up-a-campaign/index.html]
[www.gstatic.com/onebox/sports/olympics/flags/UAE.png]
[www.youtube.com/intl/ALL_id/ads/how-it-works/set-up-a-campaign/audience/index.html]
[www.gstatic.com/onebox/sports/olympics/flags/EGY.png]
[www.youtube.com/intl/ALL_id/ads/how-it-works/set-up-a-campaign/budget/index.html]
[www.youtube.com/intl/ALL_id/ads/how-it-works/measure-your-results/index.html]
[www.gstatic.com/onebox/sports/olympics/flags/KSA.png]
[www.youtube.com/intl/ALL_id/ads/news-and-inspiration/index.html]
[www.youtube.com/intl/ALL_id/ads/resources/index.html]
[www.youtube.com/intl/ALL_id/ads/resources/creative-resources/index.html]
[www.gstatic.com/onebox/sports/olympics/flags/MAR.png]
[www.youtube.com/intl/ALL_ae/ads/index.html]
[www.youtube.com/intl/ALL_id/ads/faqs/index.html]
[www.youtube.com/intl/ALL_id/ads/resources/measurement-tools/index.html]
[www.youtube.com/intl/ALL_id/ads/resources/success-stories/index.html]
[www.youtube.com/intl/ALL_id/ads/resources/best-practices/index.html]
[www.youtube.com/intl/en_aetel_1-877-763-9810.167.delayed]
[www.youtube.com/intl/en_ae/ads/index.html]
[www.youtube.com/intl/en_id/ads/how-it-works/set-up-a-campaign/index.html]
[www.youtube.com/intl/en_id/ads/youtube-for-small-business/index.html]
[www.youtube.com/intl/en_id/ads/how-it-works/index.html]
[www.youtube.com/intl/en_id/ads/how-it-works/create-a-video-ad/index.html]
[www.youtube.com/intl/ALL_autel_1-877-763-9810.168.delayed]
[www.youtube.com/intl/ALL_au/ads/index.html]
[www.youtube.com/intl/en_id/ads/how-it-works/set-up-a-campaign/audience/index.html]
[www.youtube.com/intl/en_id/ads/news-and-inspiration/index.html]
[www.youtube.com/intl/en_id/ads/how-it-works/set-up-a-campaign/budget/index.html]
[www.youtube.com/intl/en_id/ads/how-it-works/measure-your-results/index.html]
[www.youtube.com/intl/ALL_cntel_1-877-763-9810.169.delayed]
[www.youtube.com/intl/ALL_cn/ads/index.html]
[www.youtube.com/intl/en_id/ads/resources/measurement-tools/index.html]
[www.youtube.com/intl/en_id/ads/resources/creative-resources/index.html]
[www.youtube.com/intl/en_id/ads/resources/best-practices/index.html]
[www.youtube.com/intl/en_id/ads/resources/index.html]
[www.youtube.com/intl/en_cntel_1-877-763-9810.16a.delayed]
[www.youtube.com/intl/en_cn/ads/index.html]
[www.youtube.com/intl/en_id/ads/resources/success-stories/index.html]
[www.youtube.com/intl/ALL_in/ads/youtube-for-small-business/index.html]
[www.youtube.com/intl/ALL_in/ads/how-it-works/index.html]
[www.youtube.com/intl/en_id/ads/faqs/index.html]
[www.youtube.com/intl/ALL_estel_1-877-763-9810.16b.delayed]
[www.youtube.com/intl/ALL_es/ads/index.html]
[www.youtube.com/intl/ALL_in/ads/how-it-works/set-up-a-campaign/budget/index.html]
[www.youtube.com/intl/ALL_in/ads/how-it-works/set-up-a-campaign/index.html]
[www.youtube.com/intl/ALL_in/ads/how-it-works/set-up-a-campaign/audience/index.html]
[www.youtube.com/intl/ALL_in/ads/how-it-works/create-a-video-ad/index.html]
[www.youtube.com/intl/ALL_hktel_1-877-763-9810.16c.delayed]
[www.youtube.com/intl/ALL_hk/ads/index.html]
[www.youtube.com/intl/ALL_in/ads/how-it-works/measure-your-results/index.html]
[www.youtube.com/intl/ALL_in/ads/news-and-inspiration/index.html]
[www.youtube.com/intl/ALL_in/ads/resources/index.html]
[www.youtube.com/intl/en_hktel_1-877-763-9810.16d.delayed]
[www.youtube.com/intl/en_hk/ads/index.html]
[www.youtube.com/intl/ALL_in/ads/resources/creative-resources/index.html]
[www.youtube.com/intl/ALL_iltel_1-877-763-9810.16e.delayed]
[www.youtube.com/intl/ALL_il/ads/index.html]
[www.youtube.com/intl/ALL_in/ads/resources/measurement-tools/index.html]
[www.youtube.com/intl/ALL_in/ads/resources/best-practices/index.html]
[www.youtube.com/intl/ALL_in/ads/resources/success-stories/index.html]
[www.youtube.com/intl/ALL_in/ads/resources/creator-promotions/index.html]
[www.youtube.com/intl/ALL_in/ads/faqs/index.html]
[www.youtube.com/intl/en_iltel_1-877-763-9810.16f.delayed]
[www.youtube.com/intl/en_il/ads/index.html]
[www.youtube.com/intl/hi_in/ads/youtube-for-small-business/index.html]
[www.youtube.com/intl/hi_in/ads/how-it-works/index.html]
[www.youtube.com/intl/hi_in/ads/how-it-works/set-up-a-campaign/index.html]
[www.youtube.com/intl/ALL_ittel_1-877-763-9810.170.delayed]
[www.youtube.com/intl/ALL_it/ads/index.html]
[www.youtube.com/intl/hi_in/ads/how-it-works/create-a-video-ad/index.html]
[www.youtube.com/intl/ALL_mxtel_1-877-763-9810.171.delayed]
[www.youtube.com/intl/ALL_mx/ads/index.html]
[www.youtube.com/intl/hi_in/ads/how-it-works/set-up-a-campaign/budget/index.html]
[www.youtube.com/intl/hi_in/ads/how-it-works/set-up-a-campaign/audience/index.html]
[www.youtube.com/intl/hi_in/ads/news-and-inspiration/index.html]
[www.youtube.com/intl/hi_in/ads/how-it-works/measure-your-results/index.html]
[www.youtube.com/intl/hi_in/ads/resources/index.html]
[www.youtube.com/intl/ALL_pltel_1-877-763-9810.172.delayed]
[www.youtube.com/intl/ALL_pl/ads/index.html]
[www.youtube.com/intl/hi_in/ads/resources/best-practices/index.html]
[www.youtube.com/intl/hi_in/ads/resources/creator-promotions/index.html]
[www.youtube.com/intl/hi_in/ads/resources/measurement-tools/index.html]
[www.youtube.com/intl/hi_in/ads/resources/creative-resources/index.html]
[www.youtube.com/intl/ALL_trtel_1-877-763-9810.173.delayed]
[www.youtube.com/intl/ALL_tr/ads/index.html]
[www.youtube.com/intl/hi_in/ads/faqs/index.html]
[www.youtube.com/intl/ALL_kr/ads/youtube-for-small-business/index.html]
[www.youtube.com/intl/hi_in/ads/resources/success-stories/index.html]
[www.youtube.com/intl/ALL_kr/ads/how-it-works/index.html]
[www.youtube.com/intl/ALL_twtel_1-877-763-9810.174.delayed]
[www.youtube.com/intl/ALL_tw/ads/index.html]
[www.youtube.com/intl/ALL_kr/ads/how-it-works/set-up-a-campaign/budget/index.html]
[www.youtube.com/intl/ALL_kr/ads/how-it-works/set-up-a-campaign/index.html]
[www.youtube.com/intl/ALL_kr/ads/how-it-works/set-up-a-campaign/audience/index.html]
[www.youtube.com/intl/ALL_kr/ads/how-it-works/create-a-video-ad/index.html]
[www.youtube.com/intl/ALL_uktel_1-877-763-9810.175.delayed]
[www.youtube.com/intl/ALL_uk/ads/index.html]
[www.youtube.com/intl/ALL_kr/ads/how-it-works/measure-your-results/index.html]
[www.youtube.com/intl/ALL_kr/ads/resources/index.html]
[www.youtube.com/intl/ALL_kr/ads/news-and-inspiration/index.html]
[www.youtube.com/intl/ALL_kr/ads/resources/creative-resources/index.html]
[www.youtube.com/intl/ALL_artel_1-877-763-9810.176.delayed]
[www.youtube.com/intl/ALL_ar/ads/index.html]
[www.youtube.com/intl/ALL_kr/ads/resources/best-practices/index.html]
[www.youtube.com/intl/ALL_kr/ads/resources/measurement-tools/index.html]
[www.youtube.com/intl/ALL_kr/ads/resources/creator-promotions/index.html]
[www.youtube.com/intl/ALL_kr/ads/resources/creative-directory/index.html]
[www.youtube.com/intl/ALL_cotel_1-877-763-9810.177.delayed]
[www.youtube.com/intl/ALL_co/ads/index.html]
[www.youtube.com/intl/ALL_kr/ads/resources/success-stories/index.html]
[www.youtube.com/intl/ALL_ru/ads/youtube-for-small-business/index.html]
[www.youtube.com/intl/ALL_ru/ads/how-it-works/index.html]
[www.youtube.com/intl/ALL_kr/ads/faqs/index.html]
[www.youtube.com/intl/ALL_cltel_1-877-763-9810.178.delayed]
[www.youtube.com/intl/ALL_cl/ads/index.html]
[www.youtube.com/intl/ALL_ru/ads/how-it-works/set-up-a-campaign/index.html]
[www.youtube.com/intl/ALL_ru/ads/how-it-works/set-up-a-campaign/audience/index.html]
[www.youtube.com/intl/ALL_ru/ads/how-it-works/create-a-video-ad/index.html]
[www.youtube.com/intl/ALL_ru/ads/how-it-works/set-up-a-campaign/budget/index.html]
[www.youtube.com/intl/ALL_petel_1-877-763-9810.179.delayed]
[www.youtube.com/intl/ALL_pe/ads/index.html]
[www.youtube.com/intl/ALL_ru/ads/news-and-inspiration/index.html]
[www.youtube.com/intl/ALL_ru/ads/resources/index.html]
[www.youtube.com/intl/ALL_ru/ads/resources/creative-resources/index.html]
[www.youtube.com/intl/ALL_ru/ads/how-it-works/measure-your-results/index.html]
[www.youtube.com/intl/ALL_nltel_1-877-763-9810.17a.delayed]
[www.youtube.com/intl/ALL_nl/ads/index.html]
[www.youtube.com/intl/ALL_ru/ads/resources/best-practices/index.html]
[www.youtube.com/intl/ALL_ru/ads/resources/measurement-tools/index.html]
[www.youtube.com/intl/ALL_ru/ads/resources/success-stories/index.html]
[www.youtube.com/intl/ALL_ru/ads/faqs/index.html]
[www.youtube.com/intl/ALL_setel_1-877-763-9810.17b.delayed]
[www.youtube.com/intl/ALL_se/ads/index.html]
[www.youtube.com/intl/ALL_th/ads/how-it-works/set-up-a-campaign/index.html]
[www.youtube.com/intl/ALL_th/ads/youtube-for-small-business/index.html]
[www.youtube.com/intl/ALL_th/ads/how-it-works/create-a-video-ad/index.html]
[www.youtube.com/intl/ALL_th/ads/how-it-works/index.html]
[www.youtube.com/intl/ALL_th/ads/how-it-works/set-up-a-campaign/audience/index.html]
[www.youtube.com/intl/en_mytel_1-877-763-9810.17c.delayed]
[www.youtube.com/intl/en_my/ads/index.html]
[www.youtube.com/intl/ALL_th/ads/how-it-works/set-up-a-campaign/budget/index.html]
[www.youtube.com/intl/ALL_th/ads/how-it-works/measure-your-results/index.html]
[www.youtube.com/intl/ms_mytel_1-877-763-9810.17d.delayed]
[www.youtube.com/intl/ms_my/ads/index.html]
[www.youtube.com/intl/ALL_th/ads/resources/index.html]
[www.youtube.com/intl/ALL_th/ads/resources/measurement-tools/index.html]
[www.youtube.com/intl/ALL_th/ads/news-and-inspiration/index.html]
[www.youtube.com/intl/ALL_th/ads/resources/creative-resources/index.html]
[www.youtube.com/intl/en_ustel_1-877-763-9810.17e.delayed]
[www.youtube.com/intl/en_us/ads/index.html]
[www.youtube.com/intl/ALL_th/ads/resources/best-practices/index.html]
[fonts.googleapis.com/cssb275.css]
[www.youtube.com/intl/ALL_th/ads/resources/success-stories/index.html]
[www.youtube.com/intl/ALL_ua/ads/how-it-works/index.html]
[fonts.googleapis.com/css7f47.css]
[www.youtube.com/intl/ALL_th/ads/faqs/index.html]
[www.youtube.com/intl/ALL_ua/ads/youtube-for-small-business/index.html]
[www.youtube.com/intl/ALL_ua/ads/how-it-works/create-a-video-ad/index.html]
[www.youtube.com/intl/ALL_ua/ads/how-it-works/set-up-a-campaign/audience/index.html]
[www.youtube.com/intl/ALL_ua/ads/how-it-works/measure-your-results/index.html]
[www.youtube.com/intl/ALL_ua/ads/how-it-works/set-up-a-campaign/budget/index.html]
[www.youtube.com/intl/ALL_ua/ads/news-and-inspiration/index.html]
[www.youtube.com/intl/ALL_ua/ads/resources/index.html]
[www.youtube.com/intl/ALL_ua/ads/resources/measurement-tools/index.html]
[fonts.googleapis.com/css29ce0.css]
[www.youtube.com/intl/ALL_ua/ads/resources/best-practices/index.html]
[www.youtube.com/intl/ALL_ua/ads/resources/creative-resources/index.html]
[www.youtube.com/ads/static/compiled/index.min87cb.css]
[www.youtube.com/intl/ALL_ua/ads/faqs/index.html]
[www.youtube.com/intl/ALL_ua/ads/resources/success-stories/index.html]
[www.youtube.com/intl/ALL_br/ads/how-it-works/index.html]
[www.youtube.com/intl/ALL_vn/ads/youtube-for-small-business/index.html]
[www.youtube.com/intl/ALL_vn/ads/how-it-works/index.html]
[www.youtube.com/intl/ALL_vn/ads/how-it-works/create-a-video-ad/index.html]
[www.youtube.com/intl/ALL_vn/ads/how-it-works/set-up-a-campaign/index.html]
[www.youtube.com/intl/ALL_vn/ads/how-it-works/set-up-a-campaign/audience/index.html]
[www.youtube.com/intl/ALL_vn/ads/how-it-works/measure-your-results/index.html]
[www.youtube.com/intl/ALL_vn/ads/how-it-works/set-up-a-campaign/budget/index.html]
[www.youtube.com/intl/ALL_vn/ads/resources/index.html]
[www.youtube.com/intl/ALL_vn/ads/resources/creative-resources/index.html]
[www.youtube.com/intl/ALL_vn/ads/news-and-inspiration/index.html]
[www.youtube.com/intl/ALL_br/ads/youtube-for-small-business/index.html]
[www.youtube.com/intl/ALL_vn/ads/resources/success-stories/index.html]
[www.youtube.com/intl/ALL_vn/ads/resources/best-practices/index.html]
[www.youtube.com/intl/ALL_br/ads/how-it-works/create-a-video-ad/index.html]
[www.youtube.com/intl/ALL_vn/ads/faqs/index.html]
[www.youtube.com/intl/ALL_br/ads/how-it-works/set-up-a-campaign/index.html]
[www.youtube.com/intl/ALL_br/ads/how-it-works/set-up-a-campaign/audience/index.html]
[www.youtube.com/intl/ALL_br/ads/how-it-works/set-up-a-campaign/budget/index.html]
[www.youtube.com/intl/ALL_br/ads/how-it-works/measure-your-results/index.html]
[www.youtube.com/intl/ALL_br/ads/news-and-inspiration/index.html]
[www.youtube.com/intl/ALL_br/ads/resources/index.html]
[www.youtube.com/intl/ALL_br/ads/resources/creative-resources/index.html]
[www.youtube.com/intl/ALL_br/ads/resources/creative-directory/index.html]
[www.youtube.com/intl/ALL_br/ads/resources/creator-promotions/index.html]
[www.youtube.com/intl/ALL_br/ads/resources/measurement-tools/index.html]
[www.youtube.com/intl/ALL_br/ads/resources/best-practices/index.html]
[www.youtube.com/intl/ALL_br/ads/resources/success-stories/index.html]
[www.youtube.com/intl/ALL_br/ads/faqs/index.html]
[www.youtube.com/intl/ALL_brtel_1-877-763-9810.html]
[www.youtube.com/howyoutubeworks/index.html]
[www.youtube.com/trends/index.html]
[www.youtube.com/kids/index.html]
[www.youtube.com/musicpremium.html]
[www.youtube.com/channel/UCqVDpXKLmKeBU_yyt_QkItQ.html]
[www.youtube.com/creators/podcasts/index.html]
[www.youtube.com/premium/index.html]
[www.youtube.com/ads/youtube-select/index.html]
[www.youtube.com/yt/family/index.html]
[www.youtube.com/creatorresearch/index.html]
[www.youtube.com/nextup/index.html]
[www.youtube.com/creators-for-change/index.html]
[www.youtube.com/csai-match/index.html]
[www.youtube.com/about/brand-resources/index.html]
[www.youtube.com/t/terms_paidservice.html]
[www.youtube.com/t/usage_paycontent.html]
[www.youtube.com/t/terms_dataprocessing.html]
[www.youtube.com/yt/copyright/index.html]
[www.youtube.com/t/terms9940.html]
[www.youtube.com/intl/ALL_br/howyoutubeworks/index.html]
[www.youtube.com/howyoutubeworks/static/compiled/index.minf01f.css]
[www.youtube.com/intl/ALL_br/howyoutubeworks/our-commitments/managing-harmful-content/index.html]
[www.youtube.com/intl/ALL_br/howyoutubeworks/our-commitments/standing-up-to-hate/index.html]
[www.youtube.com/intl/ALL_br/howyoutubeworks/our-commitments/fighting-misinformation/index.html]
[www.youtube.com/intl/ALL_br/howyoutubeworks/our-commitments/curbing-extremist-content/index.html]
[www.youtube.com/intl/ALL_br/howyoutubeworks/our-commitments/supporting-political-integrity/index.html]
[www.youtube.com/intl/ALL_br/howyoutubeworks/our-commitments/preventing-bias/index.html]
[www.youtube.com/intl/ALL_br/howyoutubeworks/our-commitments/youth-principles/index.html]
[www.youtube.com/intl/ALL_br/howyoutubeworks/our-commitments/fostering-child-safety/index.html]
[www.youtube.com/intl/ALL_br/howyoutubeworks/our-commitments/protecting-user-data/index.html]
[www.youtube.com/intl/ALL_br/howyoutubeworks/our-commitments/safeguarding-copyright/index.html]
[www.youtube.com/intl/ALL_br/howyoutubeworks/our-commitments/sharing-revenue/index.html]
[www.youtube.com/intl/ALL_br/howyoutubeworks/our-commitments/promoting-digital-wellbeing/index.html]
[www.youtube.com/intl/ALL_br/howyoutubeworks/our-commitments/covid-response/index.html]
[www.youtube.com/intl/ALL_br/howyoutubeworks/product-features/search/index.html]
[www.youtube.com/intl/ALL_br/howyoutubeworks/product-features/recommendations/index.html]
[www.youtube.com/intl/ALL_br/howyoutubeworks/product-features/news-information/index.html]
[www.youtube.com/intl/ALL_br/howyoutubeworks/product-features/health-information/index.html]
[www.youtube.com/intl/ALL_br/howyoutubeworks/product-features/monetization/index.html]
[www.youtube.com/intl/ALL_br/howyoutubeworks/product-features/live/index.html]
[www.youtube.com/intl/ALL_br/howyoutubeworks/user-settings/privacy/index.html]
[www.youtube.com/intl/ALL_br/howyoutubeworks/user-settings/ad-settings/index.html]
[www.youtube.com/intl/ALL_br/howyoutubeworks/user-settings/parental-controls/index.html]
[www.youtube.com/intl/ALL_br/howyoutubeworks/user-settings/autoplay/index.html]
[www.youtube.com/intl/ALL_br/howyoutubeworks/policies/overview/index.html]
[www.youtube.com/intl/ALL_br/howyoutubeworks/policies/community-guidelines/index.html]
[www.youtube.com/intl/ALL_br/howyoutubeworks/policies/copyright/index.html]
[www.youtube.com/intl/ALL_br/howyoutubeworks/policies/monetization-policies/index.html]
[www.youtube.com/intl/ALL_br/howyoutubeworks/policies/legal-removals/index.html]
[www.youtube.com/intl/ALL_br/howyoutubeworks/progress-impact/responsibility/index.html]
[www.youtube.com/intl/ALL_br/howyoutubeworks/progress-impact/impact/index.html]
[www.youtube.com/intl/ALL_br/howyoutubeworks/progress-impact/trends/index.html]
[www.youtube.com/android-app_/com.google.android.youtube/http/www.youtube.com/android-app_/com.google.android.youtube/http/www.youtube.com/channel/android-app_/com.google.android.youtube//UCjaFblyfqwCBM1-_t2Q9jl]
[www.youtube.com/android-app_/com.google.android.youtube/http/www.youtube.com/android-app_/com.google.android.youtube/http/www.youtube.com/channel/ios-app_/544007664/vnd.youtube/www.youtu/UCjaFblyfqwCBM1-_t2Q9jl]
[www.youtube.com/android-app_/com.google.android.youtube/http/www.youtube.com/ios-app_/544007664/vnd.youtube/www.youtube.com/channel/android-app_/com.google.android.youtube/http/www.youtu/UCjaFblyfqwCBM1-_t2Q9jl]
[www.youtube.com/android-app_/com.google.android.youtube/http/www.youtube.com/ios-app_/544007664/vnd.youtube/www.youtube.com/channel/ios-app_/544007664/vnd.youtube/www.youtube.com/channel/UCjaFblyfqwCBM1-_t2Q9jl]
[www.youtube.com/channel/android-app_/com.google.android.youtube/http/www.youtube.com/channel/UCtI0Hodo5o5dUb67FeUjDeA.html]
[www.youtube.com/channel/ios-app_/544007664/vnd.youtube/www.youtube.com/channel/UCtI0Hodo5o5dUb67FeUjDeA.html]
[www.youtube.com/android-app_/com.google.android.youtube/http/www.youtube.com/channel/android-app_/com.google.android.youtube/http/www.youtube.com/channel/UCjaFblyfqwCBM1-_t2Q9jlQ.html]
[www.youtube.com/android-app_/com.google.android.youtube/http/www.youtube.com/channel/ios-app_/544007664/vnd.youtube/www.youtube.com/channel/UCjaFblyfqwCBM1-_t2Q9jlQ.html]
[www.youtube.com/android-app_/com.google.android.youtube/http/www.youtube.html]
[www.youtube.com/ios-app_/544007664/vnd.youtube/www.youtube.html]
[www.youtube.com/howyoutubeworks/policies/overview/index.html]
[www.youtube.com/howyoutubeworks/policies/monetization-policies/index.html]
[fonts.googleapis.com/cssd653.css]
[www.youtube.com/jobs/static/compiled/index.min207f.css]
[www.youtube.com/jobs/engineering/index.html]
[www.youtube.com/jobs/product-and-design/index.html]
[www.youtube.com/jobs/business-and-operations/index.html]
[www.youtube.com/jobs/trust-and-safety/index.html]
[fonts.gstatic.com/s/i/googlematerialicons/navigate_before/v10/24px.svg]
[fonts.gstatic.com/s/i/googlematerialicons/navigate_next/v10/24px.svg]
[www.youtube.com/intl/pt-br/creators/awards/index.html]
[www.youtube.com/intl/pt-PT_ALL/creators/welcome-creators/index.html]
[www.youtube.com/c/VanessaKanbi.html]
[www.youtube.com/channel/UC1XvxnHFtWruS9egyFasP1Q.html]
[www.youtube.com/c/lucyedwards.html]
[www.youtube.com/user/LeRiiiiiiiireJaune.html]
[www.youtube.com/c/FlyWithHaifa.html]
[www.youtube.com/c/JojoLeGeek1.html]
[www.youtube.com/intl/pt-PT/creators/why-be-a-creator/index.html]
[www.youtube.com/creators/how-things-work/policies-guidelines/index.html]
[www.youtube.com/c/OrtoDaColtivare.html]
[www.youtube.com/creators/how-things-work/content-creation-strategy/index.html]
[www.youtube.com/creators/how-things-work/building-community/index.html]
[www.youtube.com/creators/how-things-work/get-involved/index.html]
[www.youtube.com/intl/pt-PT_ALL/creators/how-things-work/getting-started/index.html]
[www.youtube.com/creators/shorts/index.html]
[www.youtube.com/watch0e2f.html]
[www.youtube.com/watch9815.html]
[www.youtube.com/watch86cc.html]
[www.youtube.com/watch6721.html]
[www.youtube.com/channel/UCHJBoCDxaCTRrwCHXEBA-BA.html]
[www.youtube.com/playlist8fea.html]
[www.youtube.com/intl/pt-PT_ALL/creators/how-things-work/building-community/index.html]
[www.youtube.com/watch6d54.html]
[www.youtube.com/watchc377.html]
[www.youtube.com/watchb281.html]
[www.youtube.com/intl/pt-PT_ALL/creators/how-things-work/video-monetization/index.html]
[www.youtube.com/intl/pt-PT_ALL/creators/how-things-work/content-creation-strategy/index.html]
[www.youtube.com/c/SaschaHuber.html]
[www.youtube.com/watchc0b2.html]
